// Jest Snapshot v1, https://goo.gl/fbAQLP

exports[`Load component renders Load component 1`] = `
<button
  onClick={[Function]}
>
  Get New Quote
</button>
`;
